Hello from the choochoos kernel!
ok
Goodbye from choochoos kernel!
