Hello from the choochoos kernel!
FirstUserTask recieved reply 'pong(ping1)'
FirstUserTask recieved reply 'pong(ping2)'
FirstUserTask recieved reply 'pong(ping2)'
FirstUserTask recieved reply 'pong(ping1)'
Goodbye from choochoos kernel!
